0
0
0
10
10
7
8
43
0
926
926
926
24368
23513
2
1782510
1783243
1784060
1790249
1792611
1792612
1020584
1020579
720730
799097
801289
802878
802905
803180
802878
803441
